// Jest Snapshot v1, https://goo.gl/fbAQLP

exports[`Product Overview should render correctly in "debug" mode 1`] = `
<div
  className="page"
>
  <h2
    className="productTitle"
  >
    Products
  </h2>
  <p>
    No products found
  </p>
</div>
`;
